source1 filter 0 upper: 318604.54848175
source1 filter 0 sign -1 margin: 496888.975646801
source1 filter 0 sign 1 margin: 180.038088123955
source1 filter 0 coefficients: [0, 0, 0, 0, 49, 238, -3631, -12110, 86110, 137600, -525775, -370000, 1000000]
source1 filter 1 upper: 48169.880699
source1 filter 1 sign -1 margin: 654.285607616991
source1 filter 1 sign 1 margin: 654.285607616991
source1 filter 1 coefficients: [0, 0, 0, 0, 144, 0, -9456, 0, 179236, 0, -788000, 0, 1000000]
source1 invariant twelfth mass: 1.0657205
source1 other twelfth mass: 0.2783155
source1 dominant-existence margin: 0.069344846141554
source1 invariant residual positive: 0.0776547195057911
source1 invariant dominant unique: 0.910411060988418
source1 nontrivial 36 mass: 0.0235071746951276
source1 tail 36: 0.0239754524915405
source1 nontrivial 72 mass: 0.000157559621117746
source1 tail 72: 0.00015777890521236
source1 initial p: 0.0479157710062175
source1 initial q: 0.181520168032812
source1 round 1: p=151249/2500000; q=433453/2500000
source1 round 2: p=343303/5000000; q=1632381/10000000
source1 round 3: p=44601/625000; q=361773/2500000
source1 round 4: p=632939/10000000; q=1055161/10000000
source1 round 5: p=375793/10000000; q=445941/10000000
source1 round 6: p=84513/10000000; q=27493/5000000
source1 final margin to .01: 0.0015487
source2 sector centers (I,O,N): [(Fraction(17505401, 12000000), Fraction(6225557, 12000000), Fraction(8598569, 4000000)), (Fraction(6657823, 6000000), Fraction(30127, 240000), Fraction(1587057, 2000000)), (Fraction(12511721, 12000000), Fraction(96073, 2400000), Fraction(1606457, 4000000))]
source2 I tenth-moment margin: 1.58333333333333e-06
source2 O tenth-moment margin: 5.83333333333333e-07
source2 N tenth-moment margin: 7.5e-07
source2 I m above cap^10: 0.0178831151764083
source2 I m below 2cap^10: 1.00688876964718
source2 N m above cap^10: 0.10209215099693
source2 N m below 2cap^10: 0.197440698006141
source2 I filter margin: 0.0301653015444324
source2 N filter margin: 0.346312935343393
source2 Z30 upper: 1.16012036466288
source2 twisted Z30 upper: 1.07630590760651
source2 Z120 upper: 1.34130309955949
source2 untwisted temperature-power margin: 0.00106843125852998
source2 twisted temperature-power margin: 0.000433465465902588
source2 temporal tail margin: 4.72786856777963e-05
source2 .88 dominance margin: 0.0118656
source2 dominant uniqueness margin: 0.31
source2 R(22/25): 0.1359
source2 dominant upgrade 22/25 to 99/100: 0.02093518
source2 R(99/100): 0.0721
source2 dominant upgrade 99/100 to 499/500: 0.002777621984
source2 R(.998): 0.068404
source2 spatial purity lower: 0.875600306916726
source2 temporal purity lower: 0.87605675221793
source2 spatial 7/8 margin: 0.00060030691672618
source2 temporal 7/8 margin: 0.0010567522179304
