sector 12 1 2 done 392.587
sector 12 0 2 done 426.185
sector 12 0 0 done 431.885
sector 12 1 0 done 490.168
sector 12 0 4 done 75.15
sector 12 0 5 done 20.212
sector 12 1 5 done 20.676
sector 12 0 6 done 5.35
sector 12 1 6 done 6.148
sector 12 0 7 done 1.142
sector 12 1 7 done 1.061
sector 12 0 8 done 0.222
sector 12 1 8 done 0.323
sector 12 0 9 done 0.08
sector 12 1 9 done 0.088
sector 12 0 10 done 0.073
sector 12 1 10 done 0.066
sector 12 0 11 done 0.069
sector 12 1 11 done 0.06
sector 12 0 12 done 0.07
sector 12 1 12 done 0.065
sector 12 1 4 done 122.246
sector 11 0 0 done 59.544
sector 12 0 1 done 630.069
sector 12 1 3 done 215.729
sector 12 0 3 done 272.638
certified 12 0 1266666171463993322695232916
sector 11 1 0 done 63.385
sector 11 1 1 done 60.163
sector 11 0 2 done 55.915
sector 11 0 4 done 8.205
sector 11 1 3 done 18.127
sector 11 0 5 done 1.989
sector 11 1 5 done 1.993
sector 11 1 4 done 6.575
sector 11 0 3 done 36.825
sector 11 0 6 done 0.419
sector 11 0 7 done 0.167
sector 11 1 7 done 0.092
sector 11 0 8 done 0.051
sector 11 1 8 done 0.03
sector 11 0 9 done 0.041
sector 11 1 9 done 0.023
sector 11 1 10 done 0.024
sector 11 0 10 done 0.041
sector 11 0 11 done 0.028
sector 11 1 11 done 0.04
sector 11 1 6 done 0.423
sector 10 0 0 done 5.591
sector 10 0 1 done 7.851
sector 10 1 0 done 9.209
sector 11 0 1 done 101.521
certified 11 0 841347687722481981930750335
sector 10 1 1 done 6.778
sector 10 0 2 done 4.488
sector 11 1 2 done 60.96
certified 11 1 2928767918985354021900689432
sector 10 0 4 done 0.838
sector 10 0 5 done 0.186
sector 10 1 5 done 0.199
sector 10 0 6 done 0.05
sector 10 1 6 done 0.051
sector 10 0 7 done 0.038
sector 10 1 7 done 0.019
sector 10 0 8 done 0.012
sector 10 1 8 done 0.011
sector 10 0 9 done 0.009
sector 10 1 9 done 0.008
sector 10 0 10 done 0.009
sector 10 1 10 done 0.009
sector 10 1 3 done 2.104
sector 9 0 0 done 0.684
sector 10 0 3 done 3.696
certified 10 0 19772960374215472827775892486
sector 10 1 4 done 1.426
sector 9 1 0 done 0.699
sector 9 0 1 done 1.105
sector 9 0 2 done 0.992
sector 9 1 2 done 0.556
sector 9 0 4 done 0.087
sector 9 1 4 done 0.083
sector 9 0 3 done 0.272
sector 9 0 5 done 0.024
sector 9 0 6 done 0.009
sector 9 1 6 done 0.009
sector 9 1 5 done 0.024
sector 9 0 7 done 0.006
sector 9 1 7 done 0.006
sector 9 1 8 done 0.004
sector 9 0 8 done 0.005
sector 9 0 9 done 0.004
certified 9 0 4866417737994347551816846903
sector 9 1 9 done 0.004
sector 8 0 0 done 0.135
sector 8 1 0 done 0.138
sector 9 1 3 done 0.482
sector 9 1 1 done 1.604
certified 9 1 37716485750353424806876104310
sector 8 0 1 done 0.13
sector 8 1 1 done 0.128
sector 8 0 3 done 0.038
sector 8 1 3 done 0.036
sector 8 0 4 done 0.015
sector 8 1 4 done 0.017
sector 8 0 5 done 0.007
sector 8 1 5 done 0.006
sector 8 0 6 done 0.004
sector 8 0 2 done 0.16
sector 8 0 7 done 0.003
sector 8 1 6 done 0.005
sector 8 0 8 done 0.003
certified 8 0 386135473475360677201628357188
sector 8 1 8 done 0.004
sector 8 1 7 done 0.006
sector 7 0 0 done 0.023
sector 8 1 2 done 0.163
certified 8 1 42459883501386986922766507327
sector 7 1 0 done 0.024
sector 7 1 2 done 0.014
sector 7 0 1 done 0.04
sector 7 1 1 done 0.022
sector 7 0 3 done 0.008
sector 7 0 4 done 0.004
sector 7 0 2 done 0.024
sector 7 0 5 done 0.003
sector 7 1 4 done 0.005
sector 7 1 5 done 0.005
sector 7 1 3 done 0.014
sector 7 0 6 done 0.003
sector 7 1 6 done 0.005
sector 7 0 7 done 0.005
certified 7 0 15044150708248976451784593468
sector 7 1 7 done 0.004
certified 7 1 534330762492192297990602166370
sector 6 0 0 done 0.008
sector 6 0 2 done 0.004
sector 6 1 0 done 0.011
sector 6 0 1 done 0.012
sector 6 1 1 done 0.012
sector 6 1 2 done 0.004
sector 6 0 3 done 0.004
sector 6 1 4 done 0.003
sector 6 0 5 done 0.003
sector 6 0 4 done 0.005
sector 6 1 3 done 0.006
sector 6 1 5 done 0.002
sector 6 0 6 done 0.003
certified 6 0 11971284263768914176431179720622
sector 6 1 6 done 0.004
certified 6 1 266573596119930013833919176645
sector 5 1 0 done 0.003
sector 5 0 0 done 0.006
sector 5 0 2 done 0.003
sector 5 0 1 done 0.006
sector 5 0 3 done 0.002
sector 5 1 1 done 0.006
sector 5 1 2 done 0.005
sector 5 0 4 done 0.002
sector 5 1 3 done 0.003
sector 5 1 5 done 0.002
sector 5 1 4 done 0.005
certified 5 1 9205948219074287936685289758037
sector 5 0 5 done 0.004
certified 5 0 9095379218684502088743241789
sector 4 1 0 done 0.002
sector 4 0 2 done 0.002
sector 4 0 0 done 0.006
sector 4 0 1 done 0.004
sector 4 1 1 done 0.004
sector 4 1 2 done 0.002
sector 4 0 3 done 0.004
sector 4 1 3 done 0.004
sector 4 0 4 done 0.003
certified 4 0 1298092848946206529211955779616040
sector 4 1 4 done 0.004
certified 4 1 683496640248050713756440676071
sector 10 1 2 done 8.066
certified 10 1 5030484777222468978572235564
sector 12 1 1 done 749.516
certified 12 1 524785463625387865619045258
PASS 18 thermal intervals; all exact source outputs match
